// Jest Snapshot v1, https://goo.gl/fbAQLP

exports[`Dev mode:  Enhance files should be generated correctly 1`] = `
"

export default function (options) {
  
}"
`;

exports[`Dev mode:  Enhance files should be generated correctly 2`] = `
"

export default function (options) {
  
}"
`;
